// Jest Snapshot v1, https://goo.gl/fbAQLP

exports[`AddProperty component renders correctly 1`] = `
<DocumentFragment>
  <div
    class="AddProperty"
  >
    <form>
      <div
        class="input-fields"
      >
        <label
          class="label"
          for="title"
        >
          Property Description
          <input
            class="form-field"
            id="title"
            name="title"
            placeholder="e.g. One bedroom Flat"
            value=""
          />
        </label>
        <br />
        <label
          class="label"
          for="city"
        >
          City
          <select
            class="form-field"
            id="city"
            name="city"
          >
            <option
              value="Manchester"
            >
              Manchester
            </option>
            <option
              value="Leeds"
            >
              Leeds
            </option>
            <option
              value="Sheffield"
            >
              Sheffield
            </option>
            <option
              value="Liverpool"
            >
              Liverpool
            </option>
          </select>
        </label>
        <br />
        <label
          class="label"
          for="Type"
        >
          Type
          <select
            class="form-field"
            id="type"
            name="type"
          >
            <option
              value="Flat"
            >
              Flat
            </option>
            <option
              value="Detached"
            >
              Detached
            </option>
            <option
              value="Semi-Detached"
            >
              Semi-Detached
            </option>
            <option
              value="Terraced"
            >
              Terraced
            </option>
            <option
              value="End of Terrace"
            >
              End of Terrace
            </option>
            <option
              value="Cottage"
            >
              Cottage
            </option>
            <option
              value="Bungalow"
            >
              Bungalow
            </option>
          </select>
        </label>
        <br />
        <label
          class="label"
          for="bedrooms"
        >
          Bedrooms
          <select
            class="form-field"
            id="bedrroms"
            name="bedrooms"
          >
            <option
              value="1"
            >
              1
            </option>
            <option
              value="2"
            >
              2
            </option>
            <option
              value="3"
            >
              3
            </option>
            <option
              value="4"
            >
              4
            </option>
            <option
              value="5"
            >
              5
            </option>
            <option
              value="6+"
            >
              6+
            </option>
          </select>
        </label>
        <br />
        <label
          class="label"
          for="bathrooms"
        >
          Bathrooms
          <select
            class="form-field"
            id="bathrooms"
            name="bathrooms"
          >
            <option
              value="1"
            >
              1
            </option>
            <option
              value="2"
            >
              2
            </option>
            <option
              value="3"
            >
              3
            </option>
            <option
              value="4+"
            >
              4+
            </option>
          </select>
        </label>
        <br />
        <label
          class="label"
          for="price"
        >
          Price
          <input
            class="form-field"
            id="price"
            name="price"
            placeholder="Â£"
            type="number"
            value=""
          />
        </label>
        <br />
        <label
          class="label"
          for="email"
        >
          Email
          <input
            class="form-field"
            id="email"
            name="email"
            placeholder="e.g. yourname@account.com"
            type="email"
            value=""
          />
        </label>
      </div>
      <div>
        <button
          type="submit"
        >
          Add
        </button>
      </div>
    </form>
  </div>
</DocumentFragment>
`;
